[paul-themes.com/wordpress/ramsay/index.html]
[backblue.gif]
[fade.gif]
[index.html]
[paul-themes.com/wordpress/ramsay/wp-content/uploads/elementor/css/custom-frontend.min642d.css]
[paul-themes.com/wordpress/ramsay/wp-content/cache/autoptimize/css/autoptimize_9aefc8f35fab31ab40bbcdda07c33ea6.css]
[paul-themes.com/wordpress/ramsay/comments/feed/index.html]
[paul-themes.com/wordpress/ramsay/feed/index.html]
[paul-themes.com/wordpress/ramsay/wp-content/cache/autoptimize/css/autoptimize_single_2c9d3714466bde97fad170c4afe67a52642d.css]
[paul-themes.com/wordpress/ramsay/wp-includes/js/jquery/jquery4a5f.js]
[paul-themes.com/wordpress/ramsay/xmlrpc0db0.php]
[paul-themes.com/wordpress/ramsay/wp-json/index.html]
[paul-themes.com/wordpress/ramsay/wp-includes/wlwmanifest.xml]
[paul-themes.com/wordpress/ramsay/wp-json/oembed/1.0/embed07ce.json]
[paul-themes.com/wordpress/ramsay/wp-json/oembed/1.0/embeda53a]
[paul-themes.com/wordpress/ramsay/wp-content/uploads/2019/12/cropped-favicon-1-32x32.png]
[paul-themes.com/wordpress/ramsay/wp-content/uploads/2019/12/cropped-favicon-1-192x192.png]
[paul-themes.com/wordpress/ramsay/wp-content/uploads/2019/12/cropped-favicon-1-180x180.png]
[paul-themes.com/wordpress/ramsay/wp-content/uploads/2020/01/logo.png]
[paul-themes.com/wordpress/ramsay/wp-content/uploads/2020/01/attachment-18.jpg]
[paul-themes.com/wordpress/ramsay/wp-content/uploads/2019/12/attachment-04.jpg]
[paul-themes.com/wordpress/ramsay/wp-content/uploads/2019/12/attachment-02.jpg]
[paul-themes.com/wordpress/ramsay/wp-content/uploads/2019/12/attachment-06.jpg]
[paul-themes.com/wordpress/ramsay/wp-content/uploads/2019/12/attachment-07.jpg]
[paul-themes.com/wordpress/ramsay/wp-content/uploads/2019/12/attachment-10.jpg]
[paul-themes.com/wordpress/ramsay/wp-content/uploads/2019/12/attachment-11.jpg]
[paul-themes.com/wordpress/ramsay/wp-content/uploads/2019/12/1.png]
[paul-themes.com/wordpress/ramsay/portfolio/abstract-skat/index.html]
[paul-themes.com/wordpress/ramsay/wp-content/uploads/2019/12/2.png]
[paul-themes.com/wordpress/ramsay/portfolio/borato-prism/index.html]
[paul-themes.com/wordpress/ramsay/wp-content/uploads/2019/12/3.png]
[paul-themes.com/wordpress/ramsay/portfolio/brole-mobile-app/index.html]
[paul-themes.com/wordpress/ramsay/wp-content/uploads/2019/12/4.png]
[paul-themes.com/wordpress/ramsay/portfolio/bauhaus-studio/index.html]
[paul-themes.com/wordpress/ramsay/wp-content/uploads/2019/12/5.png]
[paul-themes.com/wordpress/ramsay/wp-content/uploads/2019/12/6.png]
[paul-themes.com/wordpress/ramsay/wp-content/uploads/2019/12/7.png]
[paul-themes.com/wordpress/ramsay/projects/index.html]
[paul-themes.com/wordpress/ramsay/wp-content/uploads/2019/12/8.png]
[paul-themes.com/wordpress/ramsay/wp-content/uploads/2019/12/9.png]
[paul-themes.com/wordpress/ramsay/wp-content/uploads/2019/12/10.png]
[paul-themes.com/wordpress/ramsay/wp-content/uploads/2019/12/11.png]
[paul-themes.com/wordpress/ramsay/wp-content/uploads/2019/12/12.png]
[paul-themes.com/wordpress/ramsay/wp-content/uploads/2019/12/attachment-05.jpg]
[paul-themes.com/wordpress/ramsay/wp-content/uploads/2019/12/quote.png]
[paul-themes.com/wordpress/ramsay/wp-content/uploads/2019/12/attachment-03.jpg]
[paul-themes.com/wordpress/ramsay/scent-in-the-voyages/index.html]
[paul-themes.com/wordpress/ramsay/category/stories/index.html]
[paul-themes.com/wordpress/ramsay/wp-content/cache/autoptimize/css/autoptimize_single_750100fb0ec54705b4e2c1b450f4256f6248.css]
[paul-themes.com/wordpress/ramsay/the-stone-of-the-flames/index.html]
[paul-themes.com/wordpress/ramsay/category/inspiration/index.html]
[paul-themes.com/wordpress/ramsay/wp-content/cache/autoptimize/css/autoptimize_single_0d3842ed0ba395a8d84e254daa14d6c76248.css]
[paul-themes.com/wordpress/ramsay/secrets-of-the-serpents/index.html]
[paul-themes.com/wordpress/ramsay/wp-content/cache/autoptimize/css/autoptimize_single_33bbcf252bf85f4657f3918ef6c8c6196248.css]
[paul-themes.com/wordpress/ramsay/category/giveaway/index.html]
[paul-themes.com/wordpress/ramsay/blog/index.html]
[paul-themes.com/wordpress/ramsay/wp-content/cache/autoptimize/css/autoptimize_single_ca1689591401b13ebeeca086230befb4743c.css]
[paul-themes.com/wordpress/ramsay/wp-content/cache/autoptimize/css/autoptimize_single_1d684aa33260c7b9c9f314cc48504b61743c.css]
[paul-themes.com/wordpress/ramsay/wp-content/cache/autoptimize/css/autoptimize_single_256699f9619f0c38ee398cb85ff0568b743c.css]
[paul-themes.com/wordpress/ramsay/wp-content/cache/autoptimize/css/autoptimize_single_43e95ae0a9c58bfabcf95a94641a63d1743c.css]
[paul-themes.com/wordpress/ramsay/wp-content/cache/autoptimize/css/autoptimize_single_8263cf2e4e2288da54eb62e1680522b4743c.css]
[paul-themes.com/wordpress/ramsay/wp-content/cache/autoptimize/css/autoptimize_single_a77043a337f6ed681de1fabd4405cce3743c.css]
[paul-themes.com/cdn-cgi/scripts/5c5dd728/cloudflare-static/email-decode.min.js]
[paul-themes.com/wordpress/ramsay/index.html]
[paul-themes.com/wordpress/ramsay/wp-content/plugins/contact-form-7/images/ajax-loader.gif]
[paul-themes.com/wordpress/ramsay/wp-content/themes/ramsay/assets/css/plugins/owl.video.play.png]
[paul-themes.com/wordpress/ramsay/wp-content/cache/autoptimize/css/autoptimize_9aefc8f35fab31ab40bbcdda07c33ea6.css]
[paul-themes.com/wordpress/ramsay/wp-content/uploads/elementor/css/custom-frontend.min642d.css]
[paul-themes.com/wordpress/ramsay/wp-content/cache/autoptimize/css/autoptimize_single_2c9d3714466bde97fad170c4afe67a52642d.css]
[paul-themes.com/wordpress/ramsay/wp-content/cache/autoptimize/css/autoptimize_69f220b2ad212b5fd05f3fae188cc7ac.css]
[paul-themes.com/wordpress/ramsay/wp-content/themes/ramsay/assets/fonts/ionicons/ionicons28b5.eot]
[paul-themes.com/wordpress/ramsay/wp-json/oembed/1.0/embed1abf.json]
[paul-themes.com/wordpress/ramsay/portfolio/abstract-skat/feed/index.html]
[paul-themes.com/wordpress/ramsay/wp-json/oembed/1.0/embedbae3]
[paul-themes.com/wordpress/ramsay/wp-content/cache/autoptimize/js/autoptimize_c9181ce8f94e28f7b5daab40fb32eb30.js]
[paul-themes.com/wordpress/ramsay/wp-content/uploads/2019/12/attachment-08.jpg]
[paul-themes.com/wordpress/ramsay/wp-content/uploads/2019/12/attachment-09.jpg]
[paul-themes.com/wordpress/ramsay/wp-content/cache/autoptimize/css/autoptimize_single_430cb4cfe55f569895519cb9c1ab316d0510.css]
[paul-themes.com/wordpress/ramsay/portfolio/abstract-skat/index.html]
[paul-themes.com/wordpress/ramsay/wp-json/oembed/1.0/embed4cd9.json]
[paul-themes.com/wordpress/ramsay/portfolio/borato-prism/feed/index.html]
[paul-themes.com/wordpress/ramsay/wp-json/oembed/1.0/embedaa70]
[paul-themes.com/wordpress/ramsay/portfolio/borato-prism/index.html]
[paul-themes.com/wordpress/ramsay/wp-json/oembed/1.0/embedf70a.json]
[paul-themes.com/wordpress/ramsay/portfolio/brole-mobile-app/feed/index.html]
[paul-themes.com/wordpress/ramsay/wp-json/oembed/1.0/embedbdf8]
[paul-themes.com/wordpress/ramsay/portfolio/brole-mobile-app/index.html]
[paul-themes.com/wordpress/ramsay/wp-content/cache/autoptimize/js/autoptimize_c3d7de54e32a92432e95f90329e8181c.js]
[paul-themes.com/wordpress/ramsay/wp-json/oembed/1.0/embed8b1f.json]
[paul-themes.com/wordpress/ramsay/portfolio/bauhaus-studio/feed/index.html]
[paul-themes.com/wordpress/ramsay/portfolio/riding-bicycle/index.html]
[paul-themes.com/wordpress/ramsay/wp-json/oembed/1.0/embedb6b6]
[paul-themes.com/wordpress/ramsay/portfolio/bauhaus-studio/index.html]
[paul-themes.com/wordpress/ramsay/wp-content/cache/autoptimize/css/autoptimize_680ae74ed9fdf06a513aa4a69625d02c.css]
[paul-themes.com/wordpress/ramsay/wp-json/oembed/1.0/embed7128.json]
[paul-themes.com/wordpress/ramsay/wp-json/oembed/1.0/embed6f4c]
[paul-themes.com/wordpress/ramsay/wp-content/uploads/2019/12/attachment-12.jpg]
[paul-themes.com/wordpress/ramsay/wp-content/uploads/2019/12/attachment-13.jpg]
[paul-themes.com/wordpress/ramsay/wp-content/uploads/2019/12/attachment-14.jpg]
[paul-themes.com/wordpress/ramsay/portfolio/android-app/index.html]
[paul-themes.com/wordpress/ramsay/projects/index.html]
[paul-themes.com/wordpress/ramsay/portfolio/coffee-breakfast/index.html]
[paul-themes.com/wordpress/ramsay/wp-content/cache/autoptimize/css/autoptimize_ffeb6892802d4bb1d48f37470592e28f.css]
[paul-themes.com/wordpress/ramsay/wp-json/oembed/1.0/embedffa0.json]
[paul-themes.com/wordpress/ramsay/scent-in-the-voyages/feed/index.html]
[paul-themes.com/wordpress/ramsay/wp-json/oembed/1.0/embed344a]
[paul-themes.com/wordpress/ramsay/wp-content/cache/autoptimize/js/autoptimize_6566e968efa2a6aa27223a2f16b90d2a.js]
[paul-themes.com/wordpress/ramsay/wp-content/uploads/2019/12/attachment-15-1280x720.jpg]
[paul-themes.com/wordpress/ramsay/wp-login.html]
[paul-themes.com/wordpress/ramsay/tag/friends/index.html]
[paul-themes.com/wordpress/ramsay/tag/happy/index.html]
[paul-themes.com/wordpress/ramsay/scent-in-the-voyages/index.html]
[paul-themes.com/wordpress/ramsay/tag/tbt/index.html]
[paul-themes.com/wordpress/ramsay/tag/art/index.html]
[paul-themes.com/wordpress/ramsay/scent-in-the-voyages/index0e22.html]
[paul-themes.com/wordpress/ramsay/tag/summer/index.html]
[paul-themes.com/wordpress/ramsay/wp-content/cache/autoptimize/js/autoptimize_06768533f72f7116db21eaf3ad17c986.js]
[paul-themes.com/wordpress/ramsay/category/stories/index.html]
[paul-themes.com/wordpress/ramsay/tag/repost/index.html]
[paul-themes.com/wordpress/ramsay/tag/architecture/index.html]
[paul-themes.com/wordpress/ramsay/tag/style/index.html]
[paul-themes.com/wordpress/ramsay/wp-content/cache/autoptimize/js/autoptimize_9602c8c26cfd0b96c1b86de478d8b2dc.js]
[paul-themes.com/wordpress/ramsay/tag/love/index.html]
[paul-themes.com/wordpress/ramsay/wp-json/oembed/1.0/embedc771.json]
[paul-themes.com/wordpress/ramsay/category/stories/feed/index.html]
[paul-themes.com/wordpress/ramsay/tag/instagood/index.html]
[paul-themes.com/wordpress/ramsay/the-stone-of-the-flames/feed/index.html]
[paul-themes.com/wordpress/ramsay/wp-json/oembed/1.0/embedb727]
[paul-themes.com/wordpress/ramsay/wp-content/uploads/2019/12/attachment-17-1280x720.jpg]
[paul-themes.com/wordpress/ramsay/the-stone-of-the-flames/index.html]
[paul-themes.com/wordpress/ramsay/category/inspiration/index.html]
[paul-themes.com/wordpress/ramsay/wp-json/oembed/1.0/embedf9f5.json]
[paul-themes.com/wordpress/ramsay/category/inspiration/feed/index.html]
[paul-themes.com/wordpress/ramsay/the-stone-of-the-flames/index3094.html]
[paul-themes.com/wordpress/ramsay/wp-json/oembed/1.0/embedd4e4]
[paul-themes.com/wordpress/ramsay/secrets-of-the-serpents/feed/index.html]
[paul-themes.com/wordpress/ramsay/wp-content/uploads/2019/12/attachment-16-1280x720.jpg]
[paul-themes.com/wordpress/ramsay/secrets-of-the-serpents/index.html]
[paul-themes.com/wordpress/ramsay/category/giveaway/index.html]
[paul-themes.com/wordpress/ramsay/blog/index.html]
[paul-themes.com/wordpress/ramsay/wp-content/cache/autoptimize/css/autoptimize_single_750100fb0ec54705b4e2c1b450f4256f6248.css]
[paul-themes.com/wordpress/ramsay/wp-content/cache/autoptimize/css/autoptimize_single_0d3842ed0ba395a8d84e254daa14d6c76248.css]
[paul-themes.com/wordpress/ramsay/wp-content/cache/autoptimize/css/autoptimize_single_33bbcf252bf85f4657f3918ef6c8c6196248.css]
[paul-themes.com/wordpress/ramsay/wp-content/cache/autoptimize/css/autoptimize_single_ca1689591401b13ebeeca086230befb4743c.css]
[paul-themes.com/wordpress/ramsay/wp-content/cache/autoptimize/css/autoptimize_single_1d684aa33260c7b9c9f314cc48504b61743c.css]
[paul-themes.com/wordpress/ramsay/wp-content/cache/autoptimize/css/autoptimize_single_256699f9619f0c38ee398cb85ff0568b743c.css]
[paul-themes.com/wordpress/ramsay/wp-content/cache/autoptimize/css/autoptimize_single_43e95ae0a9c58bfabcf95a94641a63d1743c.css]
[paul-themes.com/wordpress/ramsay/wp-content/cache/autoptimize/css/autoptimize_single_8263cf2e4e2288da54eb62e1680522b4743c.css]
[paul-themes.com/wordpress/ramsay/wp-content/cache/autoptimize/css/autoptimize_single_a77043a337f6ed681de1fabd4405cce3743c.css]
[paul-themes.com/wordpress/ramsay/wp-content/themes/ramsay/assets/css/plugins/owl.video.play.html]
[paul-themes.com/wordpress/ramsay/wp-content/cache/autoptimize/css/autoptimize_69f220b2ad212b5fd05f3fae188cc7ac.css]
[paul-themes.com/wordpress/ramsay/portfolio/abstract-skat/feed/index.html]
[paul-themes.com/wordpress/ramsay/index40a0.html]
[paul-themes.com/wordpress/ramsay/wp-content/cache/autoptimize/css/autoptimize_single_430cb4cfe55f569895519cb9c1ab316d0510.css]
[paul-themes.com/wordpress/ramsay/portfolio/borato-prism/feed/index.html]
[paul-themes.com/wordpress/ramsay/index0721.html]
[paul-themes.com/wordpress/ramsay/portfolio/brole-mobile-app/feed/index.html]
[paul-themes.com/wordpress/ramsay/index094d.html]
[paul-themes.com/wordpress/ramsay/portfolio/bauhaus-studio/feed/index.html]
[paul-themes.com/wordpress/ramsay/category/giveaway/feed/index.html]
[paul-themes.com/wordpress/ramsay/secrets-of-the-serpents/index21b4.html]
[paul-themes.com/wordpress/ramsay/wp-json/oembed/1.0/embed9d51.json]
[paul-themes.com/wordpress/ramsay/portfolio/riding-bicycle/feed/index.html]
[paul-themes.com/wordpress/ramsay/wp-json/oembed/1.0/embedf13a]
[paul-themes.com/wordpress/ramsay/portfolio/riding-bicycle/index.html]
[paul-themes.com/wordpress/ramsay/index5c36.html]
[paul-themes.com/wordpress/ramsay/wp-content/cache/autoptimize/css/autoptimize_680ae74ed9fdf06a513aa4a69625d02c.css]
[paul-themes.com/wordpress/ramsay/index96f1.html]
[paul-themes.com/wordpress/ramsay/wp-json/oembed/1.0/embed9794.json]
[paul-themes.com/wordpress/ramsay/portfolio/android-app/feed/index.html]
[paul-themes.com/wordpress/ramsay/wp-content/plugins/elementor/assets/lib/eicons/fonts/eicons2cbf.eot]
[paul-themes.com/wordpress/ramsay/portfolio/android-app/index.html]
[paul-themes.com/wordpress/ramsay/wp-json/oembed/1.0/embed4e56]
[paul-themes.com/wordpress/ramsay/wp-content/fonts/poppins/pxiByp8kv8JHgFVrLDz8Z11lE92JQEl8qw.woff]
[paul-themes.com/wordpress/ramsay/wp-json/oembed/1.0/embedec6d.json]
[paul-themes.com/wordpress/ramsay/portfolio/coffee-breakfast/feed/index.html]
[paul-themes.com/wordpress/ramsay/wp-json/oembed/1.0/embed15c8]
[paul-themes.com/wordpress/ramsay/portfolio/coffee-breakfast/index.html]
[paul-themes.com/wordpress/ramsay/xmlrpc.php]
[paul-themes.com/wordpress/ramsay/wp-content/cache/autoptimize/css/autoptimize_ffeb6892802d4bb1d48f37470592e28f.css]
[paul-themes.com/wordpress/ramsay/index8a71.html]
[paul-themes.com/wordpress/ramsay/tag/friends/index.html]
[paul-themes.com/wordpress/ramsay/tag/happy/index.html]
[paul-themes.com/wordpress/ramsay/tag/tbt/index.html]
[paul-themes.com/wordpress/ramsay/scent-in-the-voyages/index0e22.html]
[paul-themes.com/wordpress/ramsay/tag/art/index.html]
[paul-themes.com/wordpress/ramsay/tag/friends/feed/index.html]
[paul-themes.com/wordpress/ramsay/tag/summer/index.html]
[paul-themes.com/wordpress/ramsay/tag/tbt/feed/index.html]
[paul-themes.com/wordpress/ramsay/tag/happy/feed/index.html]
[paul-themes.com/wordpress/ramsay/tag/repost/index.html]
[paul-themes.com/wordpress/ramsay/tag/architecture/index.html]
[paul-themes.com/wordpress/ramsay/tag/art/feed/index.html]
[paul-themes.com/wordpress/ramsay/tag/style/index.html]
[paul-themes.com/wordpress/ramsay/tag/summer/feed/index.html]
[paul-themes.com/wordpress/ramsay/tag/love/index.html]
[paul-themes.com/wordpress/ramsay/tag/repost/feed/index.html]
[paul-themes.com/wordpress/ramsay/tag/instagood/index.html]
[paul-themes.com/wordpress/ramsay/tag/architecture/feed/index.html]
[paul-themes.com/wordpress/ramsay/tag/style/feed/index.html]
[paul-themes.com/wordpress/ramsay/tag/love/feed/index.html]
[paul-themes.com/wordpress/ramsay/tag/instagood/feed/index.html]
[paul-themes.com/wordpress/ramsay/wp-includes/css/dashicons.min48f5.css]
[paul-themes.com/wordpress/ramsay/wp-includes/css/buttons.min48f5.css]
[paul-themes.com/wordpress/ramsay/wp-admin/css/forms.min48f5.css]
[paul-themes.com/wordpress/ramsay/wp-admin/css/l10n.min48f5.css]
[paul-themes.com/wordpress/ramsay/wp-admin/css/login.min48f5.css]
[paul-themes.com/wordpress/ramsay/wp-content/themes/ramsay/assets/img/vlthemes.png]
[paul-themes.com/wordpress/ramsay/wp-includes/js/jquery/jquery-migrate.min330a.js]
[paul-themes.com/wordpress/ramsay/wp-loginc2b6.html]
[paul-themes.com/wordpress/ramsay/wp-includes/js/zxcvbn-async.min5152.js]
[paul-themes.com/wordpress/ramsay/wp-admin/js/password-strength-meter.min48f5.js]
[paul-themes.com/wordpress/ramsay/wp-includes/js/underscore.min4511.js]
[paul-themes.com/wordpress/ramsay/wp-includes/js/wp-util.min48f5.js]
[paul-themes.com/wordpress/ramsay/wp-admin/js/user-profile.min48f5.js]
[paul-themes.com/wordpress/ramsay/wp-login.html]
[paul-themes.com/wordpress/ramsay/index5f0f.html]
[paul-themes.com/wordpress/ramsay/the-stone-of-the-flames/index3094.html]
[paul-themes.com/wordpress/ramsay/index85b0.html]
[paul-themes.com/wordpress/ramsay/secrets-of-the-serpents/index21b4.html]
[paul-themes.com/wordpress/ramsay/portfolio/riding-bicycle/feed/index.html]
[paul-themes.com/wordpress/ramsay/index8cd4.html]
[paul-themes.com/wordpress/ramsay/wp-content/themes/ramsay/assets/fonts/linearicons/fonts/Linearicons.html]
[paul-themes.com/wordpress/ramsay/portfolio/android-app/feed/index.html]
[paul-themes.com/wordpress/ramsay/index7665.html]
[paul-themes.com/wordpress/ramsay/portfolio/coffee-breakfast/feed/index.html]
[paul-themes.com/wordpress/ramsay/index4f61.html]
[paul-themes.com/wordpress/ramsay/wp-includes/fonts/dashicons2ce6.eot]
[paul-themes.com/wordpress/ramsay/wp-includes/css/dashicons.min48f5.css]
[paul-themes.com/wordpress/ramsay/wp-includes/css/buttons.min48f5.css]
[paul-themes.com/wordpress/ramsay/wp-admin/images/loading.gif]
[paul-themes.com/wordpress/ramsay/wp-admin/css/forms.min48f5.css]
[paul-themes.com/wordpress/ramsay/wp-admin/css/l10n.min48f5.css]
[paul-themes.com/wordpress/ramsay/wp-admin/images/w-logo-blue7a53.png]
[paul-themes.com/wordpress/ramsay/wp-includes/fonts/dashicons2ce6.ttf]
[paul-themes.com/wordpress/ramsay/wp-admin/css/login.min48f5.css]
[paul-themes.com/wordpress/ramsay/wp-loginc2b6.html]
[paul-themes.com/wordpress/ramsay/wp-admin/images/wordpress-logo7d6b.svg]
[paul-themes.com/wordpress/ramsay/wp-admin/images/wordpress-logo7d6b.svg]
